co\edu\co\englishlondonbridgepub\datos\dto\DetallePedido.class
co\edu\co\englishlondonbridgepub\datos\dto\EstadoReserva_.class
co\edu\co\englishlondonbridgepub\datos\dto\ProductoMenuPK.class
co\edu\co\englishlondonbridgepub\datos\dto\EstadoFactura.class
co\edu\co\englishlondonbridgepub\datos\dto\Reserva_.class
co\edu\co\englishlondonbridgepub\datos\dao\ProductoMenuDao.class
co\edu\co\englishlondonbridgepub\negocio\facade\ProductoMenuFacade.class
co\edu\co\englishlondonbridgepub\datos\dto\EstadoPedido.class
co\edu\co\englishlondonbridgepub\datos\dto\PersonaUsuario_.class
co\edu\co\englishlondonbridgepub\negocio\gestionAdministrador\ProductoMenuNegocio.class
co\edu\co\englishlondonbridgepub\datos\dto\Categoria_.class
co\edu\co\englishlondonbridgepub\datos\dto\ProductoMenuPK_.class
controlador\Controlador.class
co\edu\co\englishlondonbridgepub\datos\dto\FacturaPedido.class
co\edu\co\englishlondonbridgepub\datos\dto\Mesa_.class
co\edu\co\englishlondonbridgepub\datos\dto\Calificacion_.class
co\edu\co\englishlondonbridgepub\datos\dto\Validar.class
co\edu\co\englishlondonbridgepub\datos\dto\EstadoFactura_.class
co\edu\co\englishlondonbridgepub\datos\dto\EstadoPedido_.class
co\edu\co\englishlondonbridgepub\datos\dto\FacturaPedidoPK.class
co\edu\co\englishlondonbridgepub\datos\dto\FacturaPedido_.class
co\edu\co\englishlondonbridgepub\negocio\gestionClientes\PersonaUsuarioNegocio.class
co\edu\co\englishlondonbridgepub\datos\dto\ProductoMenu.class
co\edu\co\englishlondonbridgepub\negocio\facade\PersonaUsuarioFacade.class
co\edu\co\englishlondonbridgepub\datos\dao\PersonaUsuarioDao.class
co\edu\co\englishlondonbridgepub\datos\dto\Calificacion.class
co\edu\co\englishlondonbridgepub\datos\dto\EstadoReserva.class
co\edu\co\englishlondonbridgepub\datos\dto\FacturaPedidoPK_.class
co\edu\co\englishlondonbridgepub\datos\dto\Reserva.class
co\edu\co\englishlondonbridgepub\datos\dto\ProductoMenu_.class
co\edu\co\englishlondonbridgepub\datos\dto\RolUsuario_.class
co\edu\co\englishlondonbridgepub\datos\Conexion.class
co\edu\co\englishlondonbridgepub\datos\dto\PersonaUsuario.class
co\edu\co\englishlondonbridgepub\datos\dto\DetallePedido_.class
co\edu\co\englishlondonbridgepub\datos\dto\RolUsuario.class
co\edu\co\englishlondonbridgepub\datos\dto\Categoria.class
co\edu\co\englishlondonbridgepub\datos\dto\Mesa.class
