C:\Users\usuario\OneDrive\Documentos\NetBeansProjects\EnglishLondonBridgePub\src\main\java\co\edu\co\englishlondonbridgepub\negocio\gestionClientes\PersonaUsuarioNegocio.java
C:\Users\usuario\OneDrive\Documentos\NetBeansProjects\EnglishLondonBridgePub\src\main\java\co\edu\co\englishlondonbridgepub\datos\dto\Calificacion.java
C:\Users\usuario\OneDrive\Documentos\NetBeansProjects\EnglishLondonBridgePub\src\main\java\co\edu\co\englishlondonbridgepub\datos\dto\Mesa.java
C:\Users\usuario\OneDrive\Documentos\NetBeansProjects\EnglishLondonBridgePub\src\main\java\co\edu\co\englishlondonbridgepub\negocio\gestionAdministrador\ProductoMenuNegocio.java
C:\Users\usuario\OneDrive\Documentos\NetBeansProjects\EnglishLondonBridgePub\src\main\java\co\edu\co\englishlondonbridgepub\datos\dto\Validar.java
C:\Users\usuario\OneDrive\Documentos\NetBeansProjects\EnglishLondonBridgePub\src\main\java\co\edu\co\englishlondonbridgepub\datos\dto\EstadoPedido.java
C:\Users\usuario\OneDrive\Documentos\NetBeansProjects\EnglishLondonBridgePub\src\main\java\co\edu\co\englishlondonbridgepub\datos\dto\ProductoMenu.java
C:\Users\usuario\OneDrive\Documentos\NetBeansProjects\EnglishLondonBridgePub\src\main\java\co\edu\co\englishlondonbridgepub\datos\dto\EstadoReserva.java
C:\Users\usuario\OneDrive\Documentos\NetBeansProjects\EnglishLondonBridgePub\src\main\java\co\edu\co\englishlondonbridgepub\datos\dto\FacturaPedido.java
C:\Users\usuario\OneDrive\Documentos\NetBeansProjects\EnglishLondonBridgePub\src\main\java\co\edu\co\englishlondonbridgepub\datos\dto\ProductoMenuPK.java
C:\Users\usuario\OneDrive\Documentos\NetBeansProjects\EnglishLondonBridgePub\src\main\java\controlador\Controlador.java
C:\Users\usuario\OneDrive\Documentos\NetBeansProjects\EnglishLondonBridgePub\src\main\java\co\edu\co\englishlondonbridgepub\datos\dao\ProductoMenuDao.java
C:\Users\usuario\OneDrive\Documentos\NetBeansProjects\EnglishLondonBridgePub\src\main\java\co\edu\co\englishlondonbridgepub\datos\dto\Reserva.java
C:\Users\usuario\OneDrive\Documentos\NetBeansProjects\EnglishLondonBridgePub\src\main\java\co\edu\co\englishlondonbridgepub\negocio\facade\ProductoMenuFacade.java
C:\Users\usuario\OneDrive\Documentos\NetBeansProjects\EnglishLondonBridgePub\src\main\java\co\edu\co\englishlondonbridgepub\negocio\facade\PersonaUsuarioFacade.java
C:\Users\usuario\OneDrive\Documentos\NetBeansProjects\EnglishLondonBridgePub\src\main\java\co\edu\co\englishlondonbridgepub\datos\Conexion.java
C:\Users\usuario\OneDrive\Documentos\NetBeansProjects\EnglishLondonBridgePub\src\main\java\co\edu\co\englishlondonbridgepub\datos\dto\FacturaPedidoPK.java
C:\Users\usuario\OneDrive\Documentos\NetBeansProjects\EnglishLondonBridgePub\src\main\java\co\edu\co\englishlondonbridgepub\datos\dto\DetallePedido.java
C:\Users\usuario\OneDrive\Documentos\NetBeansProjects\EnglishLondonBridgePub\src\main\java\co\edu\co\englishlondonbridgepub\datos\dto\RolUsuario.java
C:\Users\usuario\OneDrive\Documentos\NetBeansProjects\EnglishLondonBridgePub\src\main\java\co\edu\co\englishlondonbridgepub\datos\dto\EstadoFactura.java
C:\Users\usuario\OneDrive\Documentos\NetBeansProjects\EnglishLondonBridgePub\src\main\java\co\edu\co\englishlondonbridgepub\datos\dto\Categoria.java
C:\Users\usuario\OneDrive\Documentos\NetBeansProjects\EnglishLondonBridgePub\src\main\java\co\edu\co\englishlondonbridgepub\datos\dto\PersonaUsuario.java
C:\Users\usuario\OneDrive\Documentos\NetBeansProjects\EnglishLondonBridgePub\src\main\java\co\edu\co\englishlondonbridgepub\datos\dao\PersonaUsuarioDao.java
